// Jest Snapshot v1, https://goo.gl/fbAQLP

exports[`AuthModal component matches a snapshot 1`] = `<DocumentFragment />`;
