// Jest Snapshot v1, https://goo.gl/fbAQLP

exports[`matches a snapshot 1`] = `
<DocumentFragment>
  <div
    class="spinner"
  />
</DocumentFragment>
`;
