// Jest Snapshot v1, https://goo.gl/fbAQLP

exports[`FilmsList components matches a snapshot 1`] = `
<DocumentFragment>
  <div
    class="filmsList"
    data-testid="films-list"
  >
    <div
      class="spinner"
    />
  </div>
</DocumentFragment>
`;
